// Jest Snapshot v1, https://goo.gl/fbAQLP

exports[`loaders dancing dots renders 1`] = `
<DocumentFragment>
  @keyframes animation-0 {
  0%, 55%, 100% {
    -webkit-transform: translate3d(0,0,0);
    -ms-transform: translate3d(0,0,0);
    transform: translate3d(0,0,0);
  }

  60% {
    -webkit-transform: translate3d(0,-8px,0);
    -ms-transform: translate3d(0,-8px,0);
    transform: translate3d(0,-8px,0);
  }

  80% {
    -webkit-transform: translate3d(0,4px,0);
    -ms-transform: translate3d(0,4px,0);
    transform: translate3d(0,4px,0);
  }

  90% {
    -webkit-transform: translate3d(0,-3px,0);
    -ms-transform: translate3d(0,-3px,0);
    transform: translate3d(0,-3px,0);
  }

  95% {
    -webkit-transform: translate3d(0,1px,0);
    -ms-transform: translate3d(0,1px,0);
    transform: translate3d(0,1px,0);
  }
}

@keyframes animation-0 {
  0%, 55%, 100% {
    -webkit-transform: translate3d(0,0,0);
    -ms-transform: translate3d(0,0,0);
    transform: translate3d(0,0,0);
  }

  60% {
    -webkit-transform: translate3d(0,-8px,0);
    -ms-transform: translate3d(0,-8px,0);
    transform: translate3d(0,-8px,0);
  }

  80% {
    -webkit-transform: translate3d(0,4px,0);
    -ms-transform: translate3d(0,4px,0);
    transform: translate3d(0,4px,0);
  }

  90% {
    -webkit-transform: translate3d(0,-3px,0);
    -ms-transform: translate3d(0,-3px,0);
    transform: translate3d(0,-3px,0);
  }

  95% {
    -webkit-transform: translate3d(0,1px,0);
    -ms-transform: translate3d(0,1px,0);
    transform: translate3d(0,1px,0);
  }
}

@keyframes animation-0 {
  0%, 55%, 100% {
    -webkit-transform: translate3d(0,0,0);
    -ms-transform: translate3d(0,0,0);
    transform: translate3d(0,0,0);
  }

  60% {
    -webkit-transform: translate3d(0,-8px,0);
    -ms-transform: translate3d(0,-8px,0);
    transform: translate3d(0,-8px,0);
  }

  80% {
    -webkit-transform: translate3d(0,4px,0);
    -ms-transform: translate3d(0,4px,0);
    transform: translate3d(0,4px,0);
  }

  90% {
    -webkit-transform: translate3d(0,-3px,0);
    -ms-transform: translate3d(0,-3px,0);
    transform: translate3d(0,-3px,0);
  }

  95% {
    -webkit-transform: translate3d(0,1px,0);
    -ms-transform: translate3d(0,1px,0);
    transform: translate3d(0,1px,0);
  }
}

.emotion-0 {
  display: inline-block;
  margin: 2px;
  -webkit-animation: animation-0 1800ms linear infinite 0ms;
  animation: animation-0 1800ms linear infinite 0ms;
}

<span
    class="emotion-0"
  >
    .
  </span>
  @keyframes animation-0 {
  0%, 55%, 100% {
    -webkit-transform: translate3d(0,0,0);
    -ms-transform: translate3d(0,0,0);
    transform: translate3d(0,0,0);
  }

  60% {
    -webkit-transform: translate3d(0,-8px,0);
    -ms-transform: translate3d(0,-8px,0);
    transform: translate3d(0,-8px,0);
  }

  80% {
    -webkit-transform: translate3d(0,4px,0);
    -ms-transform: translate3d(0,4px,0);
    transform: translate3d(0,4px,0);
  }

  90% {
    -webkit-transform: translate3d(0,-3px,0);
    -ms-transform: translate3d(0,-3px,0);
    transform: translate3d(0,-3px,0);
  }

  95% {
    -webkit-transform: translate3d(0,1px,0);
    -ms-transform: translate3d(0,1px,0);
    transform: translate3d(0,1px,0);
  }
}

@keyframes animation-0 {
  0%, 55%, 100% {
    -webkit-transform: translate3d(0,0,0);
    -ms-transform: translate3d(0,0,0);
    transform: translate3d(0,0,0);
  }

  60% {
    -webkit-transform: translate3d(0,-8px,0);
    -ms-transform: translate3d(0,-8px,0);
    transform: translate3d(0,-8px,0);
  }

  80% {
    -webkit-transform: translate3d(0,4px,0);
    -ms-transform: translate3d(0,4px,0);
    transform: translate3d(0,4px,0);
  }

  90% {
    -webkit-transform: translate3d(0,-3px,0);
    -ms-transform: translate3d(0,-3px,0);
    transform: translate3d(0,-3px,0);
  }

  95% {
    -webkit-transform: translate3d(0,1px,0);
    -ms-transform: translate3d(0,1px,0);
    transform: translate3d(0,1px,0);
  }
}

@keyframes animation-0 {
  0%, 55%, 100% {
    -webkit-transform: translate3d(0,0,0);
    -ms-transform: translate3d(0,0,0);
    transform: translate3d(0,0,0);
  }

  60% {
    -webkit-transform: translate3d(0,-8px,0);
    -ms-transform: translate3d(0,-8px,0);
    transform: translate3d(0,-8px,0);
  }

  80% {
    -webkit-transform: translate3d(0,4px,0);
    -ms-transform: translate3d(0,4px,0);
    transform: translate3d(0,4px,0);
  }

  90% {
    -webkit-transform: translate3d(0,-3px,0);
    -ms-transform: translate3d(0,-3px,0);
    transform: translate3d(0,-3px,0);
  }

  95% {
    -webkit-transform: translate3d(0,1px,0);
    -ms-transform: translate3d(0,1px,0);
    transform: translate3d(0,1px,0);
  }
}

.emotion-0 {
  display: inline-block;
  margin: 2px;
  -webkit-animation: animation-0 1800ms linear infinite 100ms;
  animation: animation-0 1800ms linear infinite 100ms;
}

<span
    class="emotion-0"
  >
    .
  </span>
  @keyframes animation-0 {
  0%, 55%, 100% {
    -webkit-transform: translate3d(0,0,0);
    -ms-transform: translate3d(0,0,0);
    transform: translate3d(0,0,0);
  }

  60% {
    -webkit-transform: translate3d(0,-8px,0);
    -ms-transform: translate3d(0,-8px,0);
    transform: translate3d(0,-8px,0);
  }

  80% {
    -webkit-transform: translate3d(0,4px,0);
    -ms-transform: translate3d(0,4px,0);
    transform: translate3d(0,4px,0);
  }

  90% {
    -webkit-transform: translate3d(0,-3px,0);
    -ms-transform: translate3d(0,-3px,0);
    transform: translate3d(0,-3px,0);
  }

  95% {
    -webkit-transform: translate3d(0,1px,0);
    -ms-transform: translate3d(0,1px,0);
    transform: translate3d(0,1px,0);
  }
}

@keyframes animation-0 {
  0%, 55%, 100% {
    -webkit-transform: translate3d(0,0,0);
    -ms-transform: translate3d(0,0,0);
    transform: translate3d(0,0,0);
  }

  60% {
    -webkit-transform: translate3d(0,-8px,0);
    -ms-transform: translate3d(0,-8px,0);
    transform: translate3d(0,-8px,0);
  }

  80% {
    -webkit-transform: translate3d(0,4px,0);
    -ms-transform: translate3d(0,4px,0);
    transform: translate3d(0,4px,0);
  }

  90% {
    -webkit-transform: translate3d(0,-3px,0);
    -ms-transform: translate3d(0,-3px,0);
    transform: translate3d(0,-3px,0);
  }

  95% {
    -webkit-transform: translate3d(0,1px,0);
    -ms-transform: translate3d(0,1px,0);
    transform: translate3d(0,1px,0);
  }
}

@keyframes animation-0 {
  0%, 55%, 100% {
    -webkit-transform: translate3d(0,0,0);
    -ms-transform: translate3d(0,0,0);
    transform: translate3d(0,0,0);
  }

  60% {
    -webkit-transform: translate3d(0,-8px,0);
    -ms-transform: translate3d(0,-8px,0);
    transform: translate3d(0,-8px,0);
  }

  80% {
    -webkit-transform: translate3d(0,4px,0);
    -ms-transform: translate3d(0,4px,0);
    transform: translate3d(0,4px,0);
  }

  90% {
    -webkit-transform: translate3d(0,-3px,0);
    -ms-transform: translate3d(0,-3px,0);
    transform: translate3d(0,-3px,0);
  }

  95% {
    -webkit-transform: translate3d(0,1px,0);
    -ms-transform: translate3d(0,1px,0);
    transform: translate3d(0,1px,0);
  }
}

.emotion-0 {
  display: inline-block;
  margin: 2px;
  -webkit-animation: animation-0 1800ms linear infinite 300ms;
  animation: animation-0 1800ms linear infinite 300ms;
}

<span
    class="emotion-0"
  >
    .
  </span>
</DocumentFragment>
`;
